Flow report for Multicycle-IITB-RISC
Sun Nov  4 18:56:15 2018
Quartus Prime Version 16.1.0 Build 196 10/24/2016 SJ Lite Edition


---------------------
; Table of Contents ;
---------------------
  1. Legal Notice
  2. Flow Summary
  3. Flow Settings
  4. Flow Non-Default Global Settings
  5. Flow Elapsed Time
  6. Flow OS Summary
  7. Flow Log
  8. Flow Messages
  9. Flow Suppressed Messages



----------------
; Legal Notice ;
----------------
Copyright (C) 2016  Intel Corporation. All rights reserved.
Your use of Intel Corporation's design tools, logic functions 
and other software and tools, and its AMPP partner logic 
functions, and any output files from any of the foregoing 
(including device programming or simulation files), and any 
associated documentation or information are expressly subject 
to the terms and conditions of the Intel Program License 
Subscription Agreement, the Intel Quartus Prime License Agreement,
the Intel MegaCore Function License Agreement, or other 
applicable license agreement, including, without limitation, 
that your use is for the sole purpose of programming logic 
devices manufactured by Intel and sold by Intel or its 
authorized distributors.  Please refer to the applicable 
agreement for further details.



+----------------------------------------------------------------------------------+
; Flow Summary                                                                     ;
+------------------------------------+---------------------------------------------+
; Flow Status                        ; Successful - Sun Nov  4 18:56:15 2018       ;
; Quartus Prime Version              ; 16.1.0 Build 196 10/24/2016 SJ Lite Edition ;
; Revision Name                      ; Multicycle-IITB-RISC                        ;
; Top-level Entity Name              ; main                                        ;
; Family                             ; Cyclone IV E                                ;
; Device                             ; EP4CE22F17C6                                ;
; Timing Models                      ; Final                                       ;
; Total logic elements               ; 0 / 22,320 ( 0 % )                          ;
;     Total combinational functions  ; 0 / 22,320 ( 0 % )                          ;
;     Dedicated logic registers      ; 0 / 22,320 ( 0 % )                          ;
; Total registers                    ; 0                                           ;
; Total pins                         ; 3 / 154 ( 2 % )                             ;
; Total virtual pins                 ; 0                                           ;
; Total memory bits                  ; 0 / 608,256 ( 0 % )                         ;
; Embedded Multiplier 9-bit elements ; 0 / 132 ( 0 % )                             ;
; Total PLLs                         ; 0 / 4 ( 0 % )                               ;
+------------------------------------+---------------------------------------------+


+------------------------------------------+
; Flow Settings                            ;
+-------------------+----------------------+
; Option            ; Setting              ;
+-------------------+----------------------+
; Start date & time ; 11/04/2018 18:55:51  ;
; Main task         ; Compilation          ;
; Revision Name     ; Multicycle-IITB-RISC ;
+-------------------+----------------------+


+-------------------------------------------------------------------------------------------------------------------------------------+
; Flow Non-Default Global Settings                                                                                                    ;
+--------------------------------------+----------------------------------------+----------------------+-------------+----------------+
; Assignment Name                      ; Value                                  ; Default Value        ; Entity Name ; Section Id     ;
+--------------------------------------+----------------------------------------+----------------------+-------------+----------------+
; AUTO_EXPORT_VER_COMPATIBLE_DB        ; On                                     ; Off                  ; --          ; --             ;
; COMPILER_SIGNATURE_ID                ; 220295162002240.154133795131700        ; --                   ; --          ; --             ;
; EDA_DESIGN_INSTANCE_NAME             ; dut                                    ; --                   ; --          ; Testbench      ;
; EDA_ENABLE_GLITCH_FILTERING          ; On                                     ; --                   ; --          ; eda_simulation ;
; EDA_MAP_ILLEGAL_CHARACTERS           ; On                                     ; --                   ; --          ; eda_simulation ;
; EDA_NATIVELINK_SIMULATION_TEST_BENCH ; Testbench                              ; --                   ; --          ; eda_simulation ;
; EDA_OUTPUT_DATA_FORMAT               ; Verilog Hdl                            ; --                   ; --          ; eda_simulation ;
; EDA_RUN_TOOL_AUTOMATICALLY           ; Off                                    ; --                   ; --          ; eda_simulation ;
; EDA_SIMULATION_TOOL                  ; ModelSim-Altera (Verilog)              ; <None>               ; --          ; --             ;
; EDA_TEST_BENCH_ENABLE_STATUS         ; TEST_BENCH_MODE                        ; --                   ; --          ; eda_simulation ;
; EDA_TEST_BENCH_FILE                  ; Testbench.vhd                          ; --                   ; --          ; Testbench      ;
; EDA_TEST_BENCH_MODULE_NAME           ; Testbench                              ; --                   ; --          ; Testbench      ;
; EDA_TEST_BENCH_NAME                  ; Testbench                              ; --                   ; --          ; eda_simulation ;
; EDA_TIME_SCALE                       ; 1 ps                                   ; --                   ; --          ; eda_simulation ;
; FLOW_ENABLE_RTL_VIEWER               ; On                                     ; Off                  ; --          ; --             ;
; MAX_CORE_JUNCTION_TEMP               ; 85                                     ; --                   ; --          ; --             ;
; MIN_CORE_JUNCTION_TEMP               ; 0                                      ; --                   ; --          ; --             ;
; PARTITION_COLOR                      ; -- (Not supported for targeted family) ; --                   ; main        ; Top            ;
; PARTITION_FITTER_PRESERVATION_LEVEL  ; -- (Not supported for targeted family) ; --                   ; main        ; Top            ;
; PARTITION_NETLIST_TYPE               ; -- (Not supported for targeted family) ; --                   ; main        ; Top            ;
; POWER_BOARD_THERMAL_MODEL            ; None (CONSERVATIVE)                    ; --                   ; --          ; --             ;
; POWER_PRESET_COOLING_SOLUTION        ; No Heat Sink With Still Air            ; --                   ; --          ; --             ;
; PROJECT_OUTPUT_DIRECTORY             ; output_files                           ; --                   ; --          ; --             ;
; TIMEQUEST_MULTICORNER_ANALYSIS       ; Off                                    ; On                   ; --          ; --             ;
; TOP_LEVEL_ENTITY                     ; main                                   ; Multicycle-IITB-RISC ; --          ; --             ;
+--------------------------------------+----------------------------------------+----------------------+-------------+----------------+


+-------------------------------------------------------------------------------------------------------------------------------+
; Flow Elapsed Time                                                                                                             ;
+---------------------------+--------------+-------------------------+---------------------+------------------------------------+
; Module Name               ; Elapsed Time ; Average Processors Used ; Peak Virtual Memory ; Total CPU Time (on all processors) ;
+---------------------------+--------------+-------------------------+---------------------+------------------------------------+
; Analysis & Synthesis      ; 00:00:12     ; 1.0                     ; 959 MB              ; 00:00:28                           ;
; Fitter                    ; 00:00:04     ; 1.0                     ; 1167 MB             ; 00:00:05                           ;
; Assembler                 ; 00:00:01     ; 1.0                     ; 817 MB              ; 00:00:01                           ;
; TimeQuest Timing Analyzer ; 00:00:01     ; 1.0                     ; 779 MB              ; 00:00:01                           ;
; EDA Netlist Writer        ; 00:00:01     ; 1.0                     ; 1045 MB             ; 00:00:00                           ;
; Database Export           ; 00:00:01     ; 1.0                     ; 1167 MB             ; 00:00:01                           ;
; Total                     ; 00:00:20     ; --                      ; --                  ; 00:00:36                           ;
+---------------------------+--------------+-------------------------+---------------------+------------------------------------+


+---------------------------------------------------------------------------------------------+
; Flow OS Summary                                                                             ;
+---------------------------+------------------+----------------+------------+----------------+
; Module Name               ; Machine Hostname ; OS Name        ; OS Version ; Processor type ;
+---------------------------+------------------+----------------+------------+----------------+
; Analysis & Synthesis      ; ThinkPad-E470    ; Ubuntu 16.04.5 ; 16         ; x86_64         ;
; Fitter                    ; ThinkPad-E470    ; Ubuntu 16.04.5 ; 16         ; x86_64         ;
; Assembler                 ; ThinkPad-E470    ; Ubuntu 16.04.5 ; 16         ; x86_64         ;
; TimeQuest Timing Analyzer ; ThinkPad-E470    ; Ubuntu 16.04.5 ; 16         ; x86_64         ;
; EDA Netlist Writer        ; ThinkPad-E470    ; Ubuntu 16.04.5 ; 16         ; x86_64         ;
; Database Export           ; ThinkPad-E470    ; Ubuntu 16.04.5 ; 16         ; x86_64         ;
+---------------------------+------------------+----------------+------------+----------------+


------------
; Flow Log ;
------------
quartus_map --read_settings_files=on --write_settings_files=off Multicycle-IITB-RISC -c Multicycle-IITB-RISC
quartus_fit --read_settings_files=off --write_settings_files=off Multicycle-IITB-RISC -c Multicycle-IITB-RISC
quartus_asm --read_settings_files=off --write_settings_files=off Multicycle-IITB-RISC -c Multicycle-IITB-RISC
quartus_sta Multicycle-IITB-RISC -c Multicycle-IITB-RISC
quartus_eda --read_settings_files=off --write_settings_files=off Multicycle-IITB-RISC -c Multicycle-IITB-RISC
quartus_cdb Multicycle-IITB-RISC -c Multicycle-IITB-RISC --export_database="/home/jukebox/Desktop/Acads/5-Sem/EE 309/Project1/export_db"



